2026-06-29T14:42:59Z
repo=/data/data/com.termux/files/home/Polymath-AI
branch=main
head=54d9aa1
helper_sha=cb0cd55ff6948b37567c71b30737c4bcc219a7d056f7c695a02516dfcd73315c
pqa1	out_0000.pqa1	c0d91d428c7038784d9cf77e3c9b1b37789db2f259a23ae1077fdcfe51e60bd8	1924
pqa1	out_0001.pqa1	72c06aa9dd8e1f34fdf6d2818e23553eaae5cd6d12df140f8f0d6ea8a8a58e13	1924
pqa1	out_0002.pqa1	28ae413590df63d21816d8b1dbdd0f67f9169931459f7165bb202ccd85e905f1	1880
pqa1	out_0003.pqa1	f7268d4c1f091ca4056f76572acac1a790612cb8519f0c0c74c4ac63df2cb1b4	1884
pqa1	out_0004.pqa1	2ad141f658c1c9b37fd174cd9ddaec64187ed2e3cf0dbaf2021123c7223fed81	1860
pqa1	out_0005.pqa1	c3cd70fac480f2126bc22a5d03f00d379817243778ca88183ebbea45230b9ce5	1880
pqa1	out_0006.pqa1	8b5f5e43722049d92407bcaab5ffd36a9ff4bec0774b27298ea5db0c15bc0715	1872
pqa1	out_0007.pqa1	ec0642d553f15a86774e324725fba0e16d8a97e44e7fb21295e7504c94e7d1a2	1888
pqa1_list=/data/data/com.termux/files/home/polymath_phase1_c1_pqa1/c1_phase1_smoke_internal_20260629T143408Z/c1_pqa1_list.txt
pqa1_count=8
packetizer_sha=11c81138d181f09dd1a9a4715952c8a5357a91e3f1c1562f2fb9761d4d4c336a
embedding_sha=b57e1e756f32d02c1aaad6c5c868f975f53b0938e0a04ed546804ed9c7d4ca7b
embedding_manifest_sha=0bf2dc2ec4487c079da94d8c8a37f54bb7c45ed2f9a29dbbd73edc0ababaf8bd
jl_sha=1b1f9de3dd6fbdf9597240eeeb08a6b482b33f1ae4d127e730222750cdf92a79
{"status": "pass", "wrapper_report": "/data/data/com.termux/files/home/polymath_phase2_outputs/c1_phase2_smoke_20260629T144238Z/c1_phase2_smoke_20260629T144238Z_phase2_c1_smoke_wrapper_report.json"}
wrapper_status=pass
pjp1_path=/data/data/com.termux/files/home/polymath_phase2_outputs/c1_phase2_smoke_20260629T144238Z/raw_c1_phase2_smoke_20260629T144238Z.pjp1
pjp1_sha=7ffb81ab1fc129fcaf7de84a50a196ebac30d366d49e59471486e51a323ee340
pjp1_bytes=583680
native_result_json=/data/data/com.termux/files/home/polymath_phase2_outputs/c1_phase2_smoke_20260629T144238Z/c1_phase2_smoke_20260629T144238Z_native_packetizer_report.json
